[BANK_ALIGN] block=0 layer=0 id_match=1.0000 fg_iou=1.0000 src_blocks=[] trg_blocks=[]
[BANK_ALIGN] block=0 layer=15 id_match=1.0000 fg_iou=1.0000 src_blocks=[] trg_blocks=[]
[BANK_ALIGN] block=0 layer=29 id_match=1.0000 fg_iou=1.0000 src_blocks=[] trg_blocks=[]
[BANK_ALIGN] block=3 layer=0 id_match=1.0000 fg_iou=0.7626 src_blocks=[0] trg_blocks=[0]
[BANK_ALIGN] block=3 layer=15 id_match=1.0000 fg_iou=0.7626 src_blocks=[0] trg_blocks=[0]
[BANK_ALIGN] block=3 layer=29 id_match=1.0000 fg_iou=0.7626 src_blocks=[0] trg_blocks=[0]
[BANK_ALIGN] block=6 layer=0 id_match=1.0000 fg_iou=0.5000 src_blocks=[0] trg_blocks=[0]
[BANK_ALIGN] block=6 layer=15 id_match=1.0000 fg_iou=0.5000 src_blocks=[0] trg_blocks=[0]
[BANK_ALIGN] block=6 layer=29 id_match=1.0000 fg_iou=0.5000 src_blocks=[0] trg_blocks=[0]
[BANK_ALIGN] block=9 layer=0 id_match=1.0000 fg_iou=0.5000 src_blocks=[0] trg_blocks=[0]
[BANK_ALIGN] block=9 layer=15 id_match=1.0000 fg_iou=0.5000 src_blocks=[0] trg_blocks=[0]
[BANK_ALIGN] block=9 layer=29 id_match=1.0000 fg_iou=0.5000 src_blocks=[0] trg_blocks=[0]
[BANK_ALIGN] block=12 layer=0 id_match=1.0000 fg_iou=0.4365 src_blocks=[0, 1] trg_blocks=[0, 1]
[BANK_ALIGN] block=12 layer=15 id_match=1.0000 fg_iou=0.4365 src_blocks=[0, 1] trg_blocks=[0, 1]
[BANK_ALIGN] block=12 layer=29 id_match=1.0000 fg_iou=0.4365 src_blocks=[0, 1] trg_blocks=[0, 1]
[BANK_ALIGN] block=15 layer=0 id_match=1.0000 fg_iou=0.5442 src_blocks=[0, 1] trg_blocks=[0, 1]
[BANK_ALIGN] block=15 layer=15 id_match=1.0000 fg_iou=0.5442 src_blocks=[0, 1] trg_blocks=[0, 1]
[BANK_ALIGN] block=15 layer=29 id_match=1.0000 fg_iou=0.5442 src_blocks=[0, 1] trg_blocks=[0, 1]
[BANK_ALIGN] block=18 layer=0 id_match=1.0000 fg_iou=0.6194 src_blocks=[0, 1] trg_blocks=[0, 1]
[BANK_ALIGN] block=18 layer=15 id_match=1.0000 fg_iou=0.6194 src_blocks=[0, 1] trg_blocks=[0, 1]
[BANK_ALIGN] block=18 layer=29 id_match=1.0000 fg_iou=0.6194 src_blocks=[0, 1] trg_blocks=[0, 1]
[BANK_ALIGN] block=21 layer=0 id_match=1.0000 fg_iou=0.6471 src_blocks=[0, 1, 2] trg_blocks=[0, 1, 2]
[BANK_ALIGN] block=21 layer=15 id_match=1.0000 fg_iou=0.6471 src_blocks=[0, 1, 2] trg_blocks=[0, 1, 2]
[BANK_ALIGN] block=21 layer=29 id_match=1.0000 fg_iou=0.6471 src_blocks=[0, 1, 2] trg_blocks=[0, 1, 2]
[BANK_ALIGN] block=24 layer=0 id_match=1.0000 fg_iou=0.5916 src_blocks=[0, 1, 2] trg_blocks=[0, 1, 2]
[BANK_ALIGN] block=24 layer=15 id_match=1.0000 fg_iou=0.5916 src_blocks=[0, 1, 2] trg_blocks=[0, 1, 2]
[BANK_ALIGN] block=24 layer=29 id_match=1.0000 fg_iou=0.5916 src_blocks=[0, 1, 2] trg_blocks=[0, 1, 2]
[BANK_ALIGN] block=27 layer=0 id_match=1.0000 fg_iou=0.6326 src_blocks=[0, 1, 2] trg_blocks=[0, 1, 2]
[BANK_ALIGN] block=27 layer=15 id_match=1.0000 fg_iou=0.6326 src_blocks=[0, 1, 2] trg_blocks=[0, 1, 2]
[BANK_ALIGN] block=27 layer=29 id_match=1.0000 fg_iou=0.6326 src_blocks=[0, 1, 2] trg_blocks=[0, 1, 2]
[BANK_ALIGN] block=30 layer=0 id_match=1.0000 fg_iou=0.6613 src_blocks=[0, 1, 3] trg_blocks=[0, 1, 3]
[BANK_ALIGN] block=30 layer=15 id_match=0.3333 fg_iou=0.5431 src_blocks=[0, 1, 3] trg_blocks=[0, 1, 3]
[BANK_ALIGN] block=30 layer=29 id_match=1.0000 fg_iou=0.6980 src_blocks=[1, 2, 3] trg_blocks=[1, 2, 3]
[BANK_ALIGN] block=33 layer=0 id_match=1.0000 fg_iou=0.6234 src_blocks=[0, 1, 3] trg_blocks=[0, 1, 3]
[BANK_ALIGN] block=33 layer=15 id_match=0.3333 fg_iou=0.5000 src_blocks=[0, 1, 3] trg_blocks=[0, 1, 3]
[BANK_ALIGN] block=33 layer=29 id_match=1.0000 fg_iou=0.6690 src_blocks=[1, 2, 3] trg_blocks=[1, 2, 3]
[BANK_ALIGN] block=36 layer=0 id_match=1.0000 fg_iou=0.7143 src_blocks=[0, 1, 3] trg_blocks=[0, 1, 3]
[BANK_ALIGN] block=36 layer=15 id_match=0.3333 fg_iou=0.6078 src_blocks=[0, 1, 3] trg_blocks=[0, 1, 3]
[BANK_ALIGN] block=36 layer=29 id_match=1.0000 fg_iou=0.7026 src_blocks=[2, 3] trg_blocks=[2, 3]
[BANK_ALIGN] block=39 layer=0 id_match=1.0000 fg_iou=0.7433 src_blocks=[1, 3, 4] trg_blocks=[1, 3, 4]
[BANK_ALIGN] block=39 layer=15 id_match=0.3333 fg_iou=0.4493 src_blocks=[0, 1, 4] trg_blocks=[0, 1, 4]
[BANK_ALIGN] block=39 layer=29 id_match=1.0000 fg_iou=0.6192 src_blocks=[2, 3, 4] trg_blocks=[2, 3, 4]
[BANK_ALIGN] block=42 layer=0 id_match=0.6667 fg_iou=0.3090 src_blocks=[1, 4] trg_blocks=[4]
[BANK_ALIGN] block=42 layer=15 id_match=0.6667 fg_iou=0.4650 src_blocks=[0, 4] trg_blocks=[1, 4]
[BANK_ALIGN] block=42 layer=29 id_match=1.0000 fg_iou=0.6160 src_blocks=[2, 3, 4] trg_blocks=[2, 3, 4]
[BANK_ALIGN] block=45 layer=0 id_match=1.0000 fg_iou=0.3556 src_blocks=[4] trg_blocks=[4]
[BANK_ALIGN] block=45 layer=15 id_match=0.6667 fg_iou=0.2680 src_blocks=[0, 4] trg_blocks=[4]
[BANK_ALIGN] block=45 layer=29 id_match=1.0000 fg_iou=0.5833 src_blocks=[2, 3, 4] trg_blocks=[2, 3, 4]
[BANK_ALIGN] block=48 layer=0 id_match=1.0000 fg_iou=0.4511 src_blocks=[4, 5] trg_blocks=[4, 5]
[BANK_ALIGN] block=48 layer=15 id_match=1.0000 fg_iou=0.3826 src_blocks=[4, 5] trg_blocks=[4, 5]
[BANK_ALIGN] block=48 layer=29 id_match=0.6667 fg_iou=0.2581 src_blocks=[2, 4, 5] trg_blocks=[4, 5]
[BANK_ALIGN] block=51 layer=0 id_match=1.0000 fg_iou=0.4044 src_blocks=[4, 5] trg_blocks=[4, 5]
[BANK_ALIGN] block=51 layer=15 id_match=1.0000 fg_iou=0.3421 src_blocks=[4, 5] trg_blocks=[4, 5]
[BANK_ALIGN] block=51 layer=29 id_match=0.6667 fg_iou=0.2318 src_blocks=[2, 4, 5] trg_blocks=[4, 5]
[BANK_ALIGN] block=54 layer=0 id_match=0.6667 fg_iou=0.4744 src_blocks=[4, 5] trg_blocks=[5]
[BANK_ALIGN] block=54 layer=15 id_match=1.0000 fg_iou=0.4539 src_blocks=[4, 5] trg_blocks=[4, 5]
[BANK_ALIGN] block=54 layer=29 id_match=0.6667 fg_iou=0.3091 src_blocks=[2, 4, 5] trg_blocks=[4, 5]
[BANK_ALIGN] block=57 layer=0 id_match=0.6667 fg_iou=0.4973 src_blocks=[4, 5, 6] trg_blocks=[5, 6]
[BANK_ALIGN] block=57 layer=15 id_match=1.0000 fg_iou=0.4804 src_blocks=[4, 6] trg_blocks=[4, 6]
[BANK_ALIGN] block=57 layer=29 id_match=0.6667 fg_iou=0.3441 src_blocks=[2, 4, 6] trg_blocks=[4, 6]
[BANK_ALIGN] block=60 layer=0 id_match=0.6667 fg_iou=0.3855 src_blocks=[4, 5, 6] trg_blocks=[5, 6]
[BANK_ALIGN] block=60 layer=15 id_match=1.0000 fg_iou=0.3642 src_blocks=[4, 6] trg_blocks=[4, 6]
[BANK_ALIGN] block=60 layer=29 id_match=0.6667 fg_iou=0.2522 src_blocks=[2, 4, 6] trg_blocks=[4, 6]
[BANK_ALIGN] block=63 layer=0 id_match=0.6667 fg_iou=0.3943 src_blocks=[4, 5, 6] trg_blocks=[5, 6]
[BANK_ALIGN] block=63 layer=15 id_match=1.0000 fg_iou=0.3743 src_blocks=[4, 6] trg_blocks=[4, 6]
[BANK_ALIGN] block=63 layer=29 id_match=0.6667 fg_iou=0.2636 src_blocks=[2, 4, 6] trg_blocks=[4, 6]
[BANK_ALIGN] block=66 layer=0 id_match=0.6667 fg_iou=0.3694 src_blocks=[4, 5, 7] trg_blocks=[5, 7]
[BANK_ALIGN] block=66 layer=15 id_match=1.0000 fg_iou=0.3464 src_blocks=[4, 7] trg_blocks=[4, 7]
[BANK_ALIGN] block=66 layer=29 id_match=0.6667 fg_iou=0.2353 src_blocks=[2, 4, 7] trg_blocks=[4, 7]
[BANK_ALIGN] block=69 layer=0 id_match=0.6667 fg_iou=0.4530 src_blocks=[4, 5, 7] trg_blocks=[5, 7]
[BANK_ALIGN] block=69 layer=15 id_match=1.0000 fg_iou=0.4350 src_blocks=[4, 7] trg_blocks=[4, 7]
[BANK_ALIGN] block=69 layer=29 id_match=0.6667 fg_iou=0.3102 src_blocks=[2, 4, 7] trg_blocks=[4, 7]
[BANK_ALIGN] block=72 layer=0 id_match=0.6667 fg_iou=0.4916 src_blocks=[4, 5, 7] trg_blocks=[5, 7]
[BANK_ALIGN] block=72 layer=15 id_match=1.0000 fg_iou=0.4743 src_blocks=[4, 7] trg_blocks=[4, 7]
[BANK_ALIGN] block=72 layer=29 id_match=0.6667 fg_iou=0.3374 src_blocks=[2, 4, 7] trg_blocks=[4, 7]
[BANK_ALIGN] block=75 layer=0 id_match=0.6667 fg_iou=0.4302 src_blocks=[4, 5, 8] trg_blocks=[5, 8]
[BANK_ALIGN] block=75 layer=15 id_match=1.0000 fg_iou=0.4114 src_blocks=[4, 8] trg_blocks=[4, 8]
[BANK_ALIGN] block=75 layer=29 id_match=0.6667 fg_iou=0.2922 src_blocks=[2, 4, 8] trg_blocks=[4, 8]
[BANK_ALIGN] block=78 layer=0 id_match=0.6667 fg_iou=0.3947 src_blocks=[4, 5, 8] trg_blocks=[5, 8]
[BANK_ALIGN] block=78 layer=15 id_match=1.0000 fg_iou=0.3716 src_blocks=[4, 8] trg_blocks=[4, 8]
[BANK_ALIGN] block=78 layer=29 id_match=0.6667 fg_iou=0.2500 src_blocks=[2, 4, 8] trg_blocks=[4, 8]
[BANK_ALIGN] block=81 layer=0 id_match=0.6667 fg_iou=0.3395 src_blocks=[4, 5, 8] trg_blocks=[5, 8]
[BANK_ALIGN] block=81 layer=15 id_match=1.0000 fg_iou=0.3258 src_blocks=[4, 8] trg_blocks=[4, 8]
[BANK_ALIGN] block=81 layer=29 id_match=0.6667 fg_iou=0.2567 src_blocks=[2, 4, 8] trg_blocks=[4, 8]
[BANK_ALIGN] block=84 layer=0 id_match=0.6667 fg_iou=0.2273 src_blocks=[5, 8, 9] trg_blocks=[8, 9]
[BANK_ALIGN] block=84 layer=15 id_match=1.0000 fg_iou=0.2643 src_blocks=[4, 9] trg_blocks=[4, 9]
[BANK_ALIGN] block=84 layer=29 id_match=0.6667 fg_iou=0.2000 src_blocks=[2, 4, 9] trg_blocks=[4, 9]
[BANK_ALIGN] block=87 layer=0 id_match=0.6667 fg_iou=0.1929 src_blocks=[5, 8, 9] trg_blocks=[8, 9]
[BANK_ALIGN] block=87 layer=15 id_match=1.0000 fg_iou=0.1947 src_blocks=[4, 9] trg_blocks=[4, 9]
[BANK_ALIGN] block=87 layer=29 id_match=0.6667 fg_iou=0.1395 src_blocks=[2, 4, 9] trg_blocks=[4, 9]
[BANK_ALIGN] block=90 layer=0 id_match=0.6667 fg_iou=0.2139 src_blocks=[5, 8, 9] trg_blocks=[8, 9]
[BANK_ALIGN] block=90 layer=15 id_match=1.0000 fg_iou=0.2613 src_blocks=[4, 9] trg_blocks=[4, 9]
[BANK_ALIGN] block=90 layer=29 id_match=0.6667 fg_iou=0.1564 src_blocks=[2, 4, 9] trg_blocks=[4, 9]
[BANK_ALIGN] block=93 layer=0 id_match=0.6667 fg_iou=0.2133 src_blocks=[5, 8, 10] trg_blocks=[8, 10]
[BANK_ALIGN] block=93 layer=15 id_match=1.0000 fg_iou=0.2540 src_blocks=[4, 10] trg_blocks=[4, 10]
[BANK_ALIGN] block=93 layer=29 id_match=0.6667 fg_iou=0.1598 src_blocks=[2, 4, 10] trg_blocks=[4, 10]
[BANK_ALIGN] block=96 layer=0 id_match=0.6667 fg_iou=0.2096 src_blocks=[5, 8, 10] trg_blocks=[8, 10]
[BANK_ALIGN] block=96 layer=15 id_match=1.0000 fg_iou=0.2360 src_blocks=[4, 10] trg_blocks=[4, 10]
[BANK_ALIGN] block=96 layer=29 id_match=0.6667 fg_iou=0.1616 src_blocks=[2, 4, 10] trg_blocks=[4, 10]
[BANK_ALIGN] block=99 layer=0 id_match=0.6667 fg_iou=0.2101 src_blocks=[5, 8, 10] trg_blocks=[8, 10]
[BANK_ALIGN] block=99 layer=15 id_match=1.0000 fg_iou=0.2375 src_blocks=[4, 10] trg_blocks=[4, 10]
[BANK_ALIGN] block=99 layer=29 id_match=0.6667 fg_iou=0.1623 src_blocks=[2, 4, 10] trg_blocks=[4, 10]
[BANK_ALIGN] block=102 layer=0 id_match=0.6667 fg_iou=0.3441 src_blocks=[5, 8, 11] trg_blocks=[8, 11]
[BANK_ALIGN] block=102 layer=15 id_match=1.0000 fg_iou=0.5000 src_blocks=[4, 11] trg_blocks=[4, 11]
[BANK_ALIGN] block=102 layer=29 id_match=0.6667 fg_iou=0.3826 src_blocks=[2, 4, 11] trg_blocks=[4, 11]
[BANK_ALIGN] block=105 layer=0 id_match=0.6667 fg_iou=0.3227 src_blocks=[5, 8, 11] trg_blocks=[8, 11]
[BANK_ALIGN] block=105 layer=15 id_match=1.0000 fg_iou=0.4752 src_blocks=[4, 11] trg_blocks=[4, 11]
[BANK_ALIGN] block=105 layer=29 id_match=0.6667 fg_iou=0.4583 src_blocks=[4, 11] trg_blocks=[11]
[BANK_ALIGN] block=108 layer=0 id_match=0.6667 fg_iou=0.2988 src_blocks=[5, 8, 11] trg_blocks=[8, 11]
[BANK_ALIGN] block=108 layer=15 id_match=1.0000 fg_iou=0.4316 src_blocks=[4, 11] trg_blocks=[4, 11]
[BANK_ALIGN] block=108 layer=29 id_match=0.6667 fg_iou=0.4339 src_blocks=[4, 11] trg_blocks=[11]
[BANK_ALIGN] block=111 layer=0 id_match=0.6667 fg_iou=0.2611 src_blocks=[5, 8, 12] trg_blocks=[8, 12]
[BANK_ALIGN] block=111 layer=15 id_match=1.0000 fg_iou=0.3567 src_blocks=[4, 12] trg_blocks=[4, 12]
[BANK_ALIGN] block=111 layer=29 id_match=0.6667 fg_iou=0.3951 src_blocks=[4, 11, 12] trg_blocks=[11, 12]
[BANK_ALIGN] block=114 layer=0 id_match=0.6667 fg_iou=0.3294 src_blocks=[5, 8, 12] trg_blocks=[8, 12]
[BANK_ALIGN] block=114 layer=15 id_match=0.6667 fg_iou=0.4300 src_blocks=[4, 12] trg_blocks=[4, 12]
[BANK_ALIGN] block=114 layer=29 id_match=0.6667 fg_iou=0.4725 src_blocks=[4, 11, 12] trg_blocks=[11, 12]
[BANK_ALIGN] block=117 layer=0 id_match=0.6667 fg_iou=0.2970 src_blocks=[5, 8, 12] trg_blocks=[8, 12]
[BANK_ALIGN] block=117 layer=15 id_match=0.6667 fg_iou=0.3704 src_blocks=[4, 12] trg_blocks=[4, 12]
[BANK_ALIGN] block=117 layer=29 id_match=0.6667 fg_iou=0.4404 src_blocks=[4, 11, 12] trg_blocks=[11, 12]
